// Jest Snapshot v1, https://goo.gl/fbAQLP

exports[`App component renders App 1`] = `
<Fragment>
  <styled.div>
    <Header />
    <Instructions />
    <GlobalStyleComponent />
    <GifDisplay />
    <Footer />
  </styled.div>
</Fragment>
`;
